// Jest Snapshot v1, https://goo.gl/fbAQLP

exports[`tokenize (memo) throws errors matching snapshots "<<" 1`] = `"Unexpected \\"<\\" in token \\"name\\", expected \\"\\\\s\\", \\"[a-zA-Z]\\", \\"\\\\/\\" or \\">\\"."`;

exports[`tokenize (memo) throws errors matching snapshots "<\\"" 1`] = `"Unexpected \\"\\"\\" in token \\"name\\", expected \\"\\\\s\\", \\"[a-zA-Z]\\", \\"\\\\/\\" or \\">\\"."`;

exports[`tokenize (memo) throws errors matching snapshots "<0>" 1`] = `"Unexpected \\"0\\" in token \\"name\\", expected \\"\\\\s\\", \\"[a-zA-Z]\\", \\"\\\\/\\" or \\">\\"."`;

exports[`tokenize (memo) throws errors matching snapshots "<foo 0foo />" 1`] = `"Unexpected \\"0\\" in token \\"name\\", expected \\"\\\\s\\", \\"[a-zA-Z]\\", \\"\\\\/\\" or \\">\\"."`;
